// Jest Snapshot v1, https://goo.gl/fbAQLP

exports[`Chart matches the snapshot 1`] = `<div />`;
