// Jest Snapshot v1, https://goo.gl/fbAQLP

exports[`ListItemDetails matches the snapshot 1`] = `
<div>
  
</div>
`;
