// Jest Snapshot v1, https://goo.gl/fbAQLP

exports[`MessageListItem matches the snapshot 1`] = `
<div
  className="column is-2"
>
  <div />
</div>
`;
